// Vitest Snapshot v1, https://vitest.dev/guide/snapshot.html

exports[`manual-routes - Manual API definitions with overrides > matches snapshot 1`] = `
{
  "info": {
    "description": "Manual route definition pattern test",
    "title": "Manual Routes Test API",
    "version": "1.0.0",
  },
  "openapi": "3.0.0",
  "paths": {
    "/user": {
      "get": {
        "responses": {
          "default": {
            "content": {
              "application/json": {
                "schema": {
                  "properties": {
                    "message": {
                      "type": "string",
                    },
                  },
                  "required": [
                    "message",
                  ],
                  "type": "object",
                },
              },
            },
            "description": "Default fallback response",
          },
        },
        "summary": "Auto-generated GET /",
        "tags": [
          "UserList",
        ],
      },
    },
    "/user/{id}": {
      "get": {
        "parameters": [
          {
            "in": "path",
            "name": "id",
            "required": true,
            "schema": {
              "type": "string",
            },
          },
        ],
        "responses": {
          "default": {
            "content": {
              "application/json": {
                "schema": {
                  "properties": {
                    "userId": {
                      "type": "string",
                    },
                  },
                  "required": [
                    "userId",
                  ],
                  "type": "object",
                },
              },
            },
            "description": "Default fallback response",
          },
        },
        "summary": "Auto-generated GET /{id}",
        "tags": [
          "User Routes",
        ],
      },
    },
  },
  "servers": [
    {
      "url": "http://localhost:3000/api",
    },
  ],
  "tags": [
    {
      "name": "User Routes",
    },
  ],
}
`;
